

Running 2 tests using 2 workers

[1A[2K[1/2] [chromium] ÔÇ║ tests\e2e\lazy-mode.spec.ts:4:9 ÔÇ║ Lazy Mode Reader ÔÇ║ should allow generating a new chapter iteratively
[1A[2K[2/2] [chromium] ÔÇ║ tests\e2e\project-creation.spec.ts:4:9 ÔÇ║ Project Creation Wizard ÔÇ║ should allow creating a project with custom genre, size, and lazy mode
[1A[2K  1) [chromium] ÔÇ║ tests\e2e\lazy-mode.spec.ts:4:9 ÔÇ║ Lazy Mode Reader ÔÇ║ should allow generating a new chapter iteratively 

    Error: [2mexpect([22m[31mlocator[39m[2m).[22mtoBeVisible[2m([22m[2m)[22m failed

    Locator: locator('text=├ëcriture en cours...').or(locator('.animate-pulse'))
    Expected: visible
    Timeout: 10000ms
    Error: element(s) not found

    Call log:
    [2m  - Expect "toBeVisible" with timeout 10000ms[22m
    [2m  - waiting for locator('text=├ëcriture en cours...').or(locator('.animate-pulse'))[22m


      32 |         // Verify spinning or status
      33 |         const statusText = page.locator('text=├ëcriture en cours...').or(page.locator('.animate-pulse'));
    > 34 |         await expect(statusText).toBeVisible({ timeout: 10000 });
         |                                  ^
      35 |     });
      36 | });
      37 |
        at C:\Users\henri\Projets\NovellaForge\frontend\tests\e2e\lazy-mode.spec.ts:34:34

    Error Context: test-results\lazy-mode-Lazy-Mode-Reader-5463b-g-a-new-chapter-iteratively-chromium\error-context.md


[1A[2K  2) [chromium] ÔÇ║ tests\e2e\project-creation.spec.ts:4:9 ÔÇ║ Project Creation Wizard ÔÇ║ should allow creating a project with custom genre, size, and lazy mode 

    [31mTest timeout of 30000ms exceeded.[39m

    Error: locator.fill: Test timeout of 30000ms exceeded.
    Call log:
    [2m  - waiting for getByRole('dialog').getByLabel(/Genre principal/i)[22m


      40 |         // The Input component has a label "Genre principal (ou saisie libre)"
      41 |         const genreInput = dialog.getByLabel(/Genre principal/i);
    > 42 |         await genreInput.fill('Science-Fiction Cyberpunk');
         |                          ^
      43 |
      44 |         // The Select component for "Taille de l'┼ôuvre"
      45 |         const sizeSelect = dialog.getByLabel(/Taille de l'┼ôuvre/i);
        at C:\Users\henri\Projets\NovellaForge\frontend\tests\e2e\project-creation.spec.ts:42:26

    Error Context: test-results\project-creation-Project-C-054be-om-genre-size-and-lazy-mode-chromium\error-context.md


[1A[2K  2 failed
    [chromium] ÔÇ║ tests\e2e\lazy-mode.spec.ts:4:9 ÔÇ║ Lazy Mode Reader ÔÇ║ should allow generating a new chapter iteratively 
    [chromium] ÔÇ║ tests\e2e\project-creation.spec.ts:4:9 ÔÇ║ Project Creation Wizard ÔÇ║ should allow creating a project with custom genre, size, and lazy mode 

[36m  Serving HTML report at http://localhost:9323. Press Ctrl+C to quit.[39m
